// Jest Snapshot v1, https://goo.gl/fbAQLP

exports[`render layout Wrapper 1`] = `
<div
  class="sc-bdVaJa bkKsTH"
>
  <div>
    1
  </div>
</div>
`;
